// Jest Snapshot v1, https://goo.gl/fbAQLP

exports[`does not have changes from snapshot 1`] = `
<DocumentFragment>
  <i
    class="fab fa-twitter"
  />
</DocumentFragment>
`;
