// Jest Snapshot v1, https://goo.gl/fbAQLP

exports[`does not have changes from snapshot 1`] = `
<DocumentFragment>
  .c0 {
  display: -webkit-box;
  display: -webkit-flex;
  display: -ms-flexbox;
  display: flex;
  -webkit-flex-flow: row nowrap;
  -ms-flex-flow: row nowrap;
  flex-flow: row nowrap;
}

.c1 {
  margin: 0;
  font-family: "游ゴシック体","Yu Gothic",YuGothic,"ヒラギノ角ゴシック Pro","Hiragino Kaku Gothic Pro",メイリオ,Meiryo,sans-serif;
  margin-left: 4px;
  overflow: hidden;
  line-height: 1.2;
  text-overflow: ellipsis;
  white-space: nowrap;
}

<div
    class="c0"
  >
    <i
      class="fal fa-book fa-fw"
    />
    <p
      class="sc-AxjAm c1"
    >
      mika-sandbox/repository-name
    </p>
  </div>
</DocumentFragment>
`;
