// Jest Snapshot v1, https://goo.gl/fbAQLP

exports[`does not have changes from snapshot 1`] = `
<DocumentFragment>
  .c0 {
  background-color: #178600;
  border-radius: 9999px;
}

<div
    class="c0"
    color="#178600"
  />
</DocumentFragment>
`;
